[beec613@marianas mandas_slurm]$ module purge
[beec613@marianas mandas_slurm]$ module load cuda/11.4
[beec613@marianas mandas_slurm]$ module load python/miniconda3.9
Now you should run one of the following depending on your shell
source /share/apps/python/miniconda3.9/etc/profile.d/conda.sh
source /share/apps/python/miniconda3.9/etc/profile.d/conda.csh
[beec613@marianas mandas_slurm]$ source /share/apps/python/miniconda3.9/etc/p                                                                                rofile.d/conda.sh
[beec613@marianas mandas_slurm]$ conda create --name test-env
Collecting package metadata (current_repodata.json): done
Solving environment: done


==> WARNING: A newer version of conda exists. <==
  current version: 4.10.3
  latest version: 23.5.0

Please update conda by running

    $ conda update -n base -c defaults conda



## Package Plan ##

  environment location: /people/beec613/.conda/envs/test-env



Proceed ([y]/n)? y

Preparing transaction: done
Verifying transaction: done
Executing transaction: done
#
# To activate this environment, use
#
#     $ conda activate test-env
#
# To deactivate an active environment, use
#
#     $ conda deactivate

[beec613@marianas mandas_slurm]$ ^C
[beec613@marianas mandas_slurm]$ conda update -n base -c defaults conda
Collecting package metadata (current_repodata.json): done
Solving environment: done


==> WARNING: A newer version of conda exists. <==
  current version: 4.10.3
  latest version: 23.5.0

Please update conda by running

    $ conda update -n base -c defaults conda



## Package Plan ##

  environment location: /share/apps/python/miniconda3.9

  added / updated specs:
    - conda


The following packages will be downloaded:

    package                    |            build
    ---------------------------|-----------------
    cffi-1.15.1                |   py39h5eee18b_3         242 KB
    conda-package-handling-2.1.0|   py39h06a4308_0         268 KB
    conda-package-streaming-0.8.0|   py39h06a4308_0          27 KB
    cryptography-39.0.1        |   py39h9ce1e76_2         1.4 MB
    idna-3.4                   |   py39h06a4308_0          93 KB
    pip-23.1.2                 |   py39h06a4308_0         2.5 MB
    pycosat-0.6.4              |   py39h5eee18b_0          84 KB
    pyopenssl-23.0.0           |   py39h06a4308_0          96 KB
    python-3.9.16              |       h955ad1f_3        25.1 MB
    requests-2.29.0            |   py39h06a4308_0          96 KB
    setuptools-67.8.0          |   py39h06a4308_0         1.0 MB
    urllib3-1.26.16            |   py39h06a4308_0         201 KB
    wheel-0.38.4               |   py39h06a4308_0          64 KB
    zstandard-0.19.0           |   py39h5eee18b_0         474 KB
    ------------------------------------------------------------
                                           Total:        31.7 MB

The following NEW packages will be INSTALLED:

  charset-normalizer pkgs/main/noarch::charset-normalizer-2.0.4-pyhd3eb1b0_0
  conda-package-str~ pkgs/main/linux-64::conda-package-streaming-0.8.0-py39h0                                                                                6a4308_0
  zstandard          pkgs/main/linux-64::zstandard-0.19.0-py39h5eee18b_0

The following packages will be REMOVED:

  chardet-4.0.0-py39h06a4308_1003
  six-1.16.0-pyhd3eb1b0_0
  tqdm-4.61.2-pyhd3eb1b0_1

The following packages will be UPDATED:

  _openmp_mutex                                   4.5-1_gnu --> 5.1-1_gnu
  ca-certificates                       2021.7.5-h06a4308_1 --> 2023.05.30-h0                                                                                6a4308_0
  certifi                          2021.5.30-py39h06a4308_0 --> 2023.5.7-py39                                                                                h06a4308_0
  cffi                                1.14.6-py39h400218f_0 --> 1.15.1-py39h5                                                                                eee18b_3
  conda-package-han~                   1.7.3-py39h27cfd23_1 --> 2.1.0-py39h06                                                                                a4308_0
  cryptography                         3.4.7-py39hd23ed53_0 --> 39.0.1-py39h9                                                                                ce1e76_2
  idna               pkgs/main/noarch::idna-2.10-pyhd3eb1b~ --> pkgs/main/lin                                                                                ux-64::idna-3.4-py39h06a4308_0
  ld_impl_linux-64                        2.35.1-h7274673_9 --> 2.38-h1181459                                                                                _1
  libffi                                     3.3-he6710b0_2 --> 3.4.4-h6a678d                                                                                5_0
  libgcc-ng                               9.3.0-h5101ec6_17 --> 11.2.0-h12345                                                                                67_1
  libgomp                                 9.3.0-h5101ec6_17 --> 11.2.0-h12345                                                                                67_1
  libstdcxx-ng                            9.3.0-hd4cf53a_17 --> 11.2.0-h12345                                                                                67_1
  ncurses                                    6.2-he6710b0_1 --> 6.4-h6a678d5_                                                                                0
  openssl                                 1.1.1k-h27cfd23_0 --> 3.0.9-h7f8727                                                                                e_0
  pip                                 21.1.3-py39h06a4308_0 --> 23.1.2-py39h0                                                                                6a4308_0
  pycosat                              0.6.3-py39h27cfd23_0 --> 0.6.4-py39h5e                                                                                ee18b_0
  pycparser                                       2.20-py_2 --> 2.21-pyhd3eb1                                                                                b0_0
  pyopenssl          pkgs/main/noarch::pyopenssl-20.0.1-py~ --> pkgs/main/lin                                                                                ux-64::pyopenssl-23.0.0-py39h06a4308_0
  python                                   3.9.5-h12debd9_4 --> 3.9.16-h955ad                                                                                1f_3
  readline                                   8.1-h27cfd23_0 --> 8.2-h5eee18b_                                                                                0
  requests           pkgs/main/noarch::requests-2.25.1-pyh~ --> pkgs/main/lin                                                                                ux-64::requests-2.29.0-py39h06a4308_0
  setuptools                          52.0.0-py39h06a4308_0 --> 67.8.0-py39h0                                                                                6a4308_0
  sqlite                                  3.36.0-hc218d9a_0 --> 3.41.2-h5eee1                                                                                8b_0
  tk                                      8.6.10-hbc83047_0 --> 8.6.12-h1ccab                                                                                a5_0
  tzdata                                   2021a-h52ac0ba_0 --> 2023c-h04d1e8                                                                                1_0
  urllib3            pkgs/main/noarch::urllib3-1.26.6-pyhd~ --> pkgs/main/lin                                                                                ux-64::urllib3-1.26.16-py39h06a4308_0
  wheel              pkgs/main/noarch::wheel-0.36.2-pyhd3e~ --> pkgs/main/lin                                                                                ux-64::wheel-0.38.4-py39h06a4308_0
  xz                                       5.2.5-h7b6447c_0 --> 5.4.2-h5eee18                                                                                b_0
  zlib                                    1.2.11-h7b6447c_3 --> 1.2.13-h5eee1                                                                                8b_0


Proceed ([y]/n)? y


Downloading and Extracting Packages
urllib3-1.26.16      | 201 KB    | ################################## | 100%
cffi-1.15.1          | 242 KB    | ################################## | 100%
pip-23.1.2           | 2.5 MB    | ################################## | 100%
cryptography-39.0.1  | 1.4 MB    | ################################## | 100%
conda-package-stream | 27 KB     | ################################## | 100%
pycosat-0.6.4        | 84 KB     | ################################## | 100%
setuptools-67.8.0    | 1.0 MB    | ################################## | 100%
pyopenssl-23.0.0     | 96 KB     | ################################## | 100%
wheel-0.38.4         | 64 KB     | ################################## | 100%
requests-2.29.0      | 96 KB     | ################################## | 100%
python-3.9.16        | 25.1 MB   | ################################## | 100%
zstandard-0.19.0     | 474 KB    | ################################## | 100%
idna-3.4             | 93 KB     | ################################## | 100%
conda-package-handli | 268 KB    | ################################## | 100%
Preparing transaction: done
Verifying transaction: failed

EnvironmentNotWritableError: The current user does not have write permissions                                                                                 to the target environment.
  environment location: /share/apps/python/miniconda3.9
  uid: 317989
  gid: 100


[beec613@marianas mandas_slurm]$ conda --version
conda 4.10.3
[beec613@marianas mandas_slurm]$ conda activate test-env
(test-env) [beec613@marianas mandas_slurm]$ conda install scipy=1.10.0
Collecting package metadata (current_repodata.json): done
Solving environment: failed with initial frozen solve. Retrying with flexible                                                                                 solve.
Collecting package metadata (repodata.json): done
Solving environment: done


==> WARNING: A newer version of conda exists. <==
  current version: 4.10.3
  latest version: 23.5.0

Please update conda by running

    $ conda update -n base -c defaults conda



## Package Plan ##

  environment location: /people/beec613/.conda/envs/test-env

  added / updated specs:
    - scipy=1.10.0


The following NEW packages will be INSTALLED:

  _libgcc_mutex      pkgs/main/linux-64::_libgcc_mutex-0.1-main
  _openmp_mutex      pkgs/main/linux-64::_openmp_mutex-5.1-1_gnu
  appdirs            pkgs/main/noarch::appdirs-1.4.4-pyhd3eb1b0_0
  blas               pkgs/main/linux-64::blas-1.0-mkl
  brotlipy           pkgs/main/linux-64::brotlipy-0.7.0-py311h5eee18b_1002
  bzip2              pkgs/main/linux-64::bzip2-1.0.8-h7b6447c_0
  ca-certificates    pkgs/main/linux-64::ca-certificates-2023.05.30-h06a4308_                                                                                0
  certifi            pkgs/main/linux-64::certifi-2023.5.7-py311h06a4308_0
  cffi               pkgs/main/linux-64::cffi-1.15.1-py311h5eee18b_3
  charset-normalizer pkgs/main/noarch::charset-normalizer-2.0.4-pyhd3eb1b0_0
  cryptography       pkgs/main/linux-64::cryptography-39.0.1-py311h9ce1e76_2
  idna               pkgs/main/linux-64::idna-3.4-py311h06a4308_0
  intel-openmp       pkgs/main/linux-64::intel-openmp-2021.4.0-h06a4308_3561
  ld_impl_linux-64   pkgs/main/linux-64::ld_impl_linux-64-2.38-h1181459_1
  libffi             pkgs/main/linux-64::libffi-3.4.4-h6a678d5_0
  libgcc-ng          pkgs/main/linux-64::libgcc-ng-11.2.0-h1234567_1
  libgfortran-ng     pkgs/main/linux-64::libgfortran-ng-11.2.0-h00389a5_1
  libgfortran5       pkgs/main/linux-64::libgfortran5-11.2.0-h1234567_1
  libgomp            pkgs/main/linux-64::libgomp-11.2.0-h1234567_1
  libstdcxx-ng       pkgs/main/linux-64::libstdcxx-ng-11.2.0-h1234567_1
  libuuid            pkgs/main/linux-64::libuuid-1.41.5-h5eee18b_0
  mkl                pkgs/main/linux-64::mkl-2021.4.0-h06a4308_640
  mkl-service        pkgs/main/linux-64::mkl-service-2.4.0-py311h5eee18b_0
  mkl_fft            pkgs/main/linux-64::mkl_fft-1.3.1-py311h30b3d60_0
  mkl_random         pkgs/main/linux-64::mkl_random-1.2.2-py311hba01205_0
  ncurses            pkgs/main/linux-64::ncurses-6.4-h6a678d5_0
  numpy              pkgs/main/linux-64::numpy-1.24.3-py311hc206e33_0
  numpy-base         pkgs/main/linux-64::numpy-base-1.24.3-py311hfd5febd_0
  openssl            pkgs/main/linux-64::openssl-3.0.9-h7f8727e_0
  packaging          pkgs/main/linux-64::packaging-23.0-py311h06a4308_0
  pip                pkgs/main/linux-64::pip-23.1.2-py311h06a4308_0
  pooch              pkgs/main/noarch::pooch-1.4.0-pyhd3eb1b0_0
  pycparser          pkgs/main/noarch::pycparser-2.21-pyhd3eb1b0_0
  pyopenssl          pkgs/main/linux-64::pyopenssl-23.0.0-py311h06a4308_0
  pysocks            pkgs/main/linux-64::pysocks-1.7.1-py311h06a4308_0
  python             pkgs/main/linux-64::python-3.11.3-h955ad1f_1
  readline           pkgs/main/linux-64::readline-8.2-h5eee18b_0
  requests           pkgs/main/linux-64::requests-2.29.0-py311h06a4308_0
  scipy              pkgs/main/linux-64::scipy-1.10.0-py311h75bd12f_1
  setuptools         pkgs/main/linux-64::setuptools-67.8.0-py311h06a4308_0
  six                pkgs/main/noarch::six-1.16.0-pyhd3eb1b0_1
  sqlite             pkgs/main/linux-64::sqlite-3.41.2-h5eee18b_0
  tk                 pkgs/main/linux-64::tk-8.6.12-h1ccaba5_0
  tzdata             pkgs/main/noarch::tzdata-2023c-h04d1e81_0
  urllib3            pkgs/main/linux-64::urllib3-1.26.16-py311h06a4308_0
  wheel              pkgs/main/linux-64::wheel-0.38.4-py311h06a4308_0
  xz                 pkgs/main/linux-64::xz-5.4.2-h5eee18b_0
  zlib               pkgs/main/linux-64::zlib-1.2.13-h5eee18b_0


Proceed ([y]/n)? y

Preparing transaction: done
Verifying transaction: done
Executing transaction: done
(test-env) [beec613@marianas mandas_slurm]$ pip install --upgrade pip
Requirement already satisfied: pip in /people/beec613/.conda/envs/test-env/li                                                                                b/python3.11/site-packages (23.1.2)
(test-env) [beec613@marianas mandas_slurm]$ pip install --upgrade "jax[cuda11                                                                                _pip]" -f https://storage.googleapis.com/jax-releases/jax_cuda_releases.html
Looking in links: https://storage.googleapis.com/jax-releases/jax_cuda_releas                                                                                es.html
Collecting jax[cuda11_pip]
  Using cached jax-0.4.13-py3-none-any.whl
Collecting ml-dtypes>=0.1.0 (from jax[cuda11_pip])
  Using cached ml_dtypes-0.2.0-cp311-cp311-manylinux_2_17_x86_64.manylinux201                                                                                4_x86_64.whl (1.0 MB)
Requirement already satisfied: numpy>=1.21 in /people/beec613/.conda/envs/tes                                                                                t-env/lib/python3.11/site-packages (from jax[cuda11_pip]) (1.24.3)
Collecting opt-einsum (from jax[cuda11_pip])
  Using cached opt_einsum-3.3.0-py3-none-any.whl (65 kB)
Requirement already satisfied: scipy>=1.7 in /people/beec613/.conda/envs/test                                                                                -env/lib/python3.11/site-packages (from jax[cuda11_pip]) (1.10.0)
Collecting jaxlib==0.4.13+cuda11.cudnn86 (from jax[cuda11_pip])
  Using cached https://storage.googleapis.com/jax-releases/cuda11/jaxlib-0.4.                                                                                13%2Bcuda11.cudnn86-cp311-cp311-manylinux2014_x86_64.whl (188.3 MB)
Collecting nvidia-cublas-cu11>=11.11 (from jax[cuda11_pip])
  Using cached nvidia_cublas_cu11-11.11.3.6-py3-none-manylinux1_x86_64.whl (4                                                                                17.9 MB)
Collecting nvidia-cuda-cupti-cu11>=11.8 (from jax[cuda11_pip])
  Using cached nvidia_cuda_cupti_cu11-11.8.87-py3-none-manylinux1_x86_64.whl                                                                                 (13.1 MB)
Collecting nvidia-cuda-nvcc-cu11>=11.8 (from jax[cuda11_pip])
  Using cached nvidia_cuda_nvcc_cu11-11.8.89-py3-none-manylinux1_x86_64.whl (                                                                                19.5 MB)
Collecting nvidia-cuda-runtime-cu11>=11.8 (from jax[cuda11_pip])
  Using cached nvidia_cuda_runtime_cu11-11.8.89-py3-none-manylinux1_x86_64.wh                                                                                l (875 kB)
Collecting nvidia-cudnn-cu11>=8.8 (from jax[cuda11_pip])
  Using cached nvidia_cudnn_cu11-8.9.2.26-py3-none-manylinux1_x86_64.whl (732                                                                                .3 MB)
Collecting nvidia-cufft-cu11>=10.9 (from jax[cuda11_pip])
  Using cached nvidia_cufft_cu11-10.9.0.58-py3-none-manylinux1_x86_64.whl (16                                                                                8.4 MB)
Collecting nvidia-cusolver-cu11>=11.4 (from jax[cuda11_pip])
  Using cached nvidia_cusolver_cu11-11.4.1.48-py3-none-manylinux1_x86_64.whl                                                                                 (128.2 MB)
Collecting nvidia-cusparse-cu11>=11.7 (from jax[cuda11_pip])
  Using cached nvidia_cusparse_cu11-11.7.5.86-py3-none-manylinux1_x86_64.whl                                                                                 (204.1 MB)
Installing collected packages: opt-einsum, nvidia-cusparse-cu11, nvidia-cufft                                                                                -cu11, nvidia-cuda-runtime-cu11, nvidia-cuda-nvcc-cu11, nvidia-cuda-cupti-cu1                                                                                1, nvidia-cublas-cu11, ml-dtypes, nvidia-cusolver-cu11, nvidia-cudnn-cu11, ja                                                                                xlib, jax
Successfully installed jax-0.4.13 jaxlib-0.4.13+cuda11.cudnn86 ml-dtypes-0.2.                                                                                0 nvidia-cublas-cu11-11.11.3.6 nvidia-cuda-cupti-cu11-11.8.87 nvidia-cuda-nvc                                                                                c-cu11-11.8.89 nvidia-cuda-runtime-cu11-11.8.89 nvidia-cudnn-cu11-8.9.2.26 nv                                                                                idia-cufft-cu11-10.9.0.58 nvidia-cusolver-cu11-11.4.1.48 nvidia-cusparse-cu11                                                                                -11.7.5.86 opt-einsum-3.3.0
(test-env) [beec613@marianas mandas_slurm]$ conda install tqdm
Collecting package metadata (current_repodata.json): done
Solving environment: done


==> WARNING: A newer version of conda exists. <==
  current version: 4.10.3
  latest version: 23.5.0

Please update conda by running

    $ conda update -n base -c defaults conda



## Package Plan ##

  environment location: /people/beec613/.conda/envs/test-env

  added / updated specs:
    - tqdm


The following NEW packages will be INSTALLED:

  tqdm               pkgs/main/linux-64::tqdm-4.65.0-py311h92b7b1e_0


Proceed ([y]/n)? y

Preparing transaction: done
Verifying transaction: done
Executing transaction: done
(test-env) [beec613@marianas mandas_slurm]$ pip install torch
Collecting torch
  Using cached torch-2.0.1-cp311-cp311-manylinux1_x86_64.whl (619.9 MB)
Collecting filelock (from torch)
  Using cached filelock-3.12.2-py3-none-any.whl (10 kB)
Collecting typing-extensions (from torch)
  Using cached typing_extensions-4.6.3-py3-none-any.whl (31 kB)
Collecting sympy (from torch)
  Using cached sympy-1.12-py3-none-any.whl (5.7 MB)
Collecting networkx (from torch)
  Using cached networkx-3.1-py3-none-any.whl (2.1 MB)
Collecting jinja2 (from torch)
  Using cached Jinja2-3.1.2-py3-none-any.whl (133 kB)
Collecting nvidia-cuda-nvrtc-cu11==11.7.99 (from torch)
  Using cached nvidia_cuda_nvrtc_cu11-11.7.99-2-py3-none-manylinux1_x86_64.wh                                                                                l (21.0 MB)
Collecting nvidia-cuda-runtime-cu11==11.7.99 (from torch)
  Using cached nvidia_cuda_runtime_cu11-11.7.99-py3-none-manylinux1_x86_64.wh                                                                                l (849 kB)
Collecting nvidia-cuda-cupti-cu11==11.7.101 (from torch)
  Using cached nvidia_cuda_cupti_cu11-11.7.101-py3-none-manylinux1_x86_64.whl                                                                                 (11.8 MB)
Collecting nvidia-cudnn-cu11==8.5.0.96 (from torch)
  Using cached nvidia_cudnn_cu11-8.5.0.96-2-py3-none-manylinux1_x86_64.whl (5                                                                                57.1 MB)
Collecting nvidia-cublas-cu11==11.10.3.66 (from torch)
  Using cached nvidia_cublas_cu11-11.10.3.66-py3-none-manylinux1_x86_64.whl (                                                                                317.1 MB)
Requirement already satisfied: nvidia-cufft-cu11==10.9.0.58 in /people/beec61                                                                                3/.conda/envs/test-env/lib/python3.11/site-packages (from torch) (10.9.0.58)
Collecting nvidia-curand-cu11==10.2.10.91 (from torch)
  Using cached nvidia_curand_cu11-10.2.10.91-py3-none-manylinux1_x86_64.whl (                                                                                54.6 MB)
Collecting nvidia-cusolver-cu11==11.4.0.1 (from torch)
  Using cached nvidia_cusolver_cu11-11.4.0.1-2-py3-none-manylinux1_x86_64.whl                                                                                 (102.6 MB)
Collecting nvidia-cusparse-cu11==11.7.4.91 (from torch)
  Using cached nvidia_cusparse_cu11-11.7.4.91-py3-none-manylinux1_x86_64.whl                                                                                 (173.2 MB)
Collecting nvidia-nccl-cu11==2.14.3 (from torch)
  Using cached nvidia_nccl_cu11-2.14.3-py3-none-manylinux1_x86_64.whl (177.1                                                                                 MB)
Collecting nvidia-nvtx-cu11==11.7.91 (from torch)
  Using cached nvidia_nvtx_cu11-11.7.91-py3-none-manylinux1_x86_64.whl (98 kB                                                                                )
Collecting triton==2.0.0 (from torch)
  Using cached triton-2.0.0-1-cp311-cp311-manylinux2014_x86_64.manylinux_2_17                                                                                _x86_64.whl (63.3 MB)
Requirement already satisfied: setuptools in /people/beec613/.conda/envs/test                                                                                -env/lib/python3.11/site-packages (from nvidia-cublas-cu11==11.10.3.66->torch                                                                                ) (67.8.0)
Requirement already satisfied: wheel in /people/beec613/.conda/envs/test-env/                                                                                lib/python3.11/site-packages (from nvidia-cublas-cu11==11.10.3.66->torch) (0.                                                                                38.4)
Collecting cmake (from triton==2.0.0->torch)
  Using cached cmake-3.26.4-py2.py3-none-manylinux2014_x86_64.manylinux_2_17_                                                                                x86_64.whl (24.0 MB)
Collecting lit (from triton==2.0.0->torch)
  Using cached lit-16.0.6-py3-none-any.whl
Collecting MarkupSafe>=2.0 (from jinja2->torch)
  Using cached MarkupSafe-2.1.3-cp311-cp311-manylinux_2_17_x86_64.manylinux20                                                                                14_x86_64.whl (28 kB)
Collecting mpmath>=0.19 (from sympy->torch)
  Using cached mpmath-1.3.0-py3-none-any.whl (536 kB)
Installing collected packages: mpmath, lit, cmake, typing-extensions, sympy,                                                                                 nvidia-nvtx-cu11, nvidia-nccl-cu11, nvidia-cusparse-cu11, nvidia-curand-cu11,                                                                                 nvidia-cuda-runtime-cu11, nvidia-cuda-nvrtc-cu11, nvidia-cuda-cupti-cu11, nv                                                                                idia-cublas-cu11, networkx, MarkupSafe, filelock, nvidia-cusolver-cu11, nvidi                                                                                a-cudnn-cu11, jinja2, triton, torch
  Attempting uninstall: nvidia-cusparse-cu11
    Found existing installation: nvidia-cusparse-cu11 11.7.5.86
    Uninstalling nvidia-cusparse-cu11-11.7.5.86:
      Successfully uninstalled nvidia-cusparse-cu11-11.7.5.86
  Attempting uninstall: nvidia-cuda-runtime-cu11
    Found existing installation: nvidia-cuda-runtime-cu11 11.8.89
    Uninstalling nvidia-cuda-runtime-cu11-11.8.89:
      Successfully uninstalled nvidia-cuda-runtime-cu11-11.8.89
  Attempting uninstall: nvidia-cuda-cupti-cu11
    Found existing installation: nvidia-cuda-cupti-cu11 11.8.87
    Uninstalling nvidia-cuda-cupti-cu11-11.8.87:
      Successfully uninstalled nvidia-cuda-cupti-cu11-11.8.87
  Attempting uninstall: nvidia-cublas-cu11
    Found existing installation: nvidia-cublas-cu11 11.11.3.6
    Uninstalling nvidia-cublas-cu11-11.11.3.6:
      Successfully uninstalled nvidia-cublas-cu11-11.11.3.6
  Attempting uninstall: nvidia-cusolver-cu11
    Found existing installation: nvidia-cusolver-cu11 11.4.1.48
    Uninstalling nvidia-cusolver-cu11-11.4.1.48:
      Successfully uninstalled nvidia-cusolver-cu11-11.4.1.48
  Attempting uninstall: nvidia-cudnn-cu11
    Found existing installation: nvidia-cudnn-cu11 8.9.2.26
    Uninstalling nvidia-cudnn-cu11-8.9.2.26:
      Successfully uninstalled nvidia-cudnn-cu11-8.9.2.26
Successfully installed MarkupSafe-2.1.3 cmake-3.26.4 filelock-3.12.2 jinja2-3                                                                                .1.2 lit-16.0.6 mpmath-1.3.0 networkx-3.1 nvidia-cublas-cu11-11.10.3.66 nvidi                                                                                a-cuda-cupti-cu11-11.7.101 nvidia-cuda-nvrtc-cu11-11.7.99 nvidia-cuda-runtime                                                                                -cu11-11.7.99 nvidia-cudnn-cu11-8.5.0.96 nvidia-curand-cu11-10.2.10.91 nvidia                                                                                -cusolver-cu11-11.4.0.1 nvidia-cusparse-cu11-11.7.4.91 nvidia-nccl-cu11-2.14.                                                                                3 nvidia-nvtx-cu11-11.7.91 sympy-1.12 torch-2.0.1 triton-2.0.0 typing-extensi                                                                                ons-4.6.3
(test-env) [beec613@marianas mandas_slurm]$ conda install cudnn
Collecting package metadata (current_repodata.json): done
Solving environment: done


==> WARNING: A newer version of conda exists. <==
  current version: 4.10.3
  latest version: 23.5.0

Please update conda by running

    $ conda update -n base -c defaults conda



## Package Plan ##

  environment location: /people/beec613/.conda/envs/test-env

  added / updated specs:
    - cudnn


The following NEW packages will be INSTALLED:

  cudatoolkit        pkgs/main/linux-64::cudatoolkit-11.3.1-h2bc3f7f_2
  cudnn              pkgs/main/linux-64::cudnn-8.2.1-cuda11.3_0


Proceed ([y]/n)? y

Preparing transaction: done
Verifying transaction: done
Executing transaction: | By downloading and using the CUDA Toolkit conda pack                                                                                ages, you accept the terms and conditions of the CUDA End User License Agreem                                                                                ent (EULA): https://docs.nvidia.com/cuda/eula/index.html
                                                                           do                                                                                ne

